-- Found ament_cmake: 1.3.3 (/home/carla/ros2_humble/install/ament_cmake/share/ament_cmake/cmake)
-- Override CMake install command with custom implementation using symlinks instead of copying resources
-- Found rosidl_default_generators: 1.2.0 (/home/carla/ros2_humble/install/rosidl_default_generators/share/rosidl_default_generators/cmake)
-- Using all available rosidl_typesupport_c: rosidl_typesupport_introspection_c;rosidl_typesupport_fastrtps_c
-- Found rosidl_adapter: 3.1.4 (/home/carla/ros2_humble/install/rosidl_adapter/share/rosidl_adapter/cmake)
-- Using all available rosidl_typesupport_cpp: rosidl_typesupport_introspection_cpp;rosidl_typesupport_fastrtps_cpp
Error parsing '/home/carla/Github/C-V2X-Autoware-Carla/src/v2x_msg/package.xml':
Traceback (most recent call last):
  File "/usr/lib/python3/dist-packages/catkin_pkg/package.py", line 610, in parse_package_string
    root = dom.parseString(data)
  File "/usr/lib/python3.8/xml/dom/minidom.py", line 1969, in parseString
    return expatbuilder.parseString(string)
  File "/usr/lib/python3.8/xml/dom/expatbuilder.py", line 925, in parseString
    return builder.parseString(string)
  File "/usr/lib/python3.8/xml/dom/expatbuilder.py", line 223, in parseString
    parser.Parse(string, True)
xml.parsers.expat.ExpatError: mismatched tag: line 9, column 47

During handling of the above exception, another exception occurred:

Traceback (most recent call last):
  File "/home/carla/ros2_humble/install/ament_cmake_core/share/ament_cmake_core/cmake/core/package_xml_2_cmake.py", line 150, in <module>
    main()
  File "/home/carla/ros2_humble/install/ament_cmake_core/share/ament_cmake_core/cmake/core/package_xml_2_cmake.py", line 53, in main
    raise e
  File "/home/carla/ros2_humble/install/ament_cmake_core/share/ament_cmake_core/cmake/core/package_xml_2_cmake.py", line 49, in main
    package = parse_package_string(
  File "/usr/lib/python3/dist-packages/catkin_pkg/package.py", line 612, in parse_package_string
    raise InvalidPackage('The manifest contains invalid XML:\n%s' % ex, filename)
catkin_pkg.package.InvalidPackage: Error(s) in package '/home/carla/Github/C-V2X-Autoware-Carla/src/v2x_msg/package.xml':
The manifest contains invalid XML:
mismatched tag: line 9, column 47
CMake Error at /home/carla/ros2_humble/install/ament_cmake_core/share/ament_cmake_core/cmake/core/ament_package_xml.cmake:95 (message):
  execute_process(/usr/bin/python3.8
  /home/carla/ros2_humble/install/ament_cmake_core/share/ament_cmake_core/cmake/core/package_xml_2_cmake.py
  /home/carla/Github/C-V2X-Autoware-Carla/src/v2x_msg/package.xml
  /home/carla/Github/C-V2X-Autoware-Carla/build/v2x_msg/ament_cmake_core/package.cmake)
  returned error code 1
Call Stack (most recent call first):
  /home/carla/ros2_humble/install/ament_cmake_core/share/ament_cmake_core/cmake/core/ament_package_xml.cmake:49 (_ament_package_xml)
  /home/carla/ros2_humble/install/rosidl_cmake/share/rosidl_cmake/cmake/rosidl_generate_interfaces.cmake:226 (ament_package_xml)
  CMakeLists.txt:16 (rosidl_generate_interfaces)


-- Configuring incomplete, errors occurred!
See also "/home/carla/Github/C-V2X-Autoware-Carla/build/v2x_msg/CMakeFiles/CMakeOutput.log".
See also "/home/carla/Github/C-V2X-Autoware-Carla/build/v2x_msg/CMakeFiles/CMakeError.log".
